2026-10-03 12:00:01,808 modelwatch.publish INFO cache fresh; skipping S3 upload (TTL 24.0h not expired)
skipped (cache fresh)
2026-10-03 13:00:01,979 modelwatch.publish INFO cache fresh; skipping S3 upload (TTL 24.0h not expired)
skipped (cache fresh)
2026-10-03 14:00:01,151 modelwatch.publish INFO cache fresh; skipping S3 upload (TTL 24.0h not expired)
skipped (cache fresh)
2026-10-03 15:00:01,308 modelwatch.publish INFO cache fresh; skipping S3 upload (TTL 24.0h not expired)
skipped (cache fresh)
2026-10-03 16:00:01,472 modelwatch.publish INFO cache fresh; skipping S3 upload (TTL 24.0h not expired)
skipped (cache fresh)
2026-10-03 17:00:01,653 modelwatch.publish INFO cache fresh; skipping S3 upload (TTL 24.0h not expired)
skipped (cache fresh)
2026-10-03 18:00:01,819 modelwatch.publish INFO cache fresh; skipping S3 upload (TTL 24.0h not expired)
skipped (cache fresh)
2026-10-03 19:00:01,990 modelwatch.publish INFO cache fresh; skipping S3 upload (TTL 24.0h not expired)
skipped (cache fresh)
2026-10-03 20:00:01,156 modelwatch.publish INFO cache fresh; skipping S3 upload (TTL 24.0h not expired)
skipped (cache fresh)
2026-10-03 21:00:01,334 modelwatch.publish INFO cache fresh; skipping S3 upload (TTL 24.0h not expired)
skipped (cache fresh)
2026-10-03 22:00:01,502 modelwatch.publish INFO cache fresh; skipping S3 upload (TTL 24.0h not expired)
skipped (cache fresh)
2026-10-03 23:00:01,721 modelwatch.publish INFO cache fresh; skipping S3 upload (TTL 24.0h not expired)
skipped (cache fresh)
2026-10-04 00:00:01,895 modelwatch.publish INFO cache fresh; skipping S3 upload (TTL 24.0h not expired)
skipped (cache fresh)
2026-10-04 01:00:02,065 modelwatch.publish INFO cache fresh; skipping S3 upload (TTL 24.0h not expired)
skipped (cache fresh)
2026-10-04 02:00:01,249 modelwatch.publish INFO cache fresh; skipping S3 upload (TTL 24.0h not expired)
skipped (cache fresh)
2026-10-04 03:00:01,433 modelwatch.publish INFO cache fresh; skipping S3 upload (TTL 24.0h not expired)
skipped (cache fresh)
2026-10-04 04:00:01,622 modelwatch.publish INFO cache fresh; skipping S3 upload (TTL 24.0h not expired)
skipped (cache fresh)
2026-10-04 05:00:01,804 modelwatch.publish INFO cache fresh; skipping S3 upload (TTL 24.0h not expired)
skipped (cache fresh)
2026-10-04 06:00:01,974 modelwatch.publish INFO cache fresh; skipping S3 upload (TTL 24.0h not expired)
skipped (cache fresh)
2026-10-04 07:00:01,155 modelwatch.publish INFO cache fresh; skipping S3 upload (TTL 24.0h not expired)
skipped (cache fresh)
2026-10-04 08:00:01,322 modelwatch.publish INFO cache fresh; skipping S3 upload (TTL 24.0h not expired)
skipped (cache fresh)
2026-10-04 09:00:01,536 modelwatch.publish INFO cache fresh; skipping S3 upload (TTL 24.0h not expired)
skipped (cache fresh)
2026-10-04 10:00:01,701 modelwatch.publish INFO cache fresh; skipping S3 upload (TTL 24.0h not expired)
skipped (cache fresh)
2026-10-04 11:00:01,870 modelwatch.publish INFO cache fresh; skipping S3 upload (TTL 24.0h not expired)
skipped (cache fresh)
2026-10-04 12:00:02,073 modelwatch.publish INFO cache fresh; skipping S3 upload (TTL 24.0h not expired)
skipped (cache fresh)
2026-10-04 13:00:01,242 modelwatch.publish INFO cache fresh; skipping S3 upload (TTL 24.0h not expired)
skipped (cache fresh)
2026-10-04 14:00:01,456 modelwatch INFO fetching https://huggingface.co/api/models?sort=trendingScore&direction=-1&limit=100
2026-10-04 14:00:01,824 modelwatch INFO fetched 100 models, 12 new
2026-10-04 14:00:01,907 botocore.credentials INFO Found credentials in shared credentials file: ~/.aws/credentials
2026-10-04 14:00:02,483 modelwatch.publish INFO uploaded s3://modelwatch-rss/feed.xml
2026-10-04 14:00:02,940 modelwatch.publish INFO cloudfront invalidation created for E2MSFTBRSGB0XM
uploaded
2026-10-04 15:00:01,192 modelwatch.publish INFO cache fresh; skipping S3 upload (TTL 24.0h not expired)
skipped (cache fresh)
2026-10-04 16:00:01,360 modelwatch.publish INFO cache fresh; skipping S3 upload (TTL 24.0h not expired)
skipped (cache fresh)
2026-10-04 17:00:01,531 modelwatch.publish INFO cache fresh; skipping S3 upload (TTL 24.0h not expired)
skipped (cache fresh)
2026-10-04 18:00:01,710 modelwatch.publish INFO cache fresh; skipping S3 upload (TTL 24.0h not expired)
skipped (cache fresh)
2026-10-04 19:00:01,885 modelwatch.publish INFO cache fresh; skipping S3 upload (TTL 24.0h not expired)
skipped (cache fresh)
2026-10-04 20:00:02,074 modelwatch.publish INFO cache fresh; skipping S3 upload (TTL 24.0h not expired)
skipped (cache fresh)
2026-10-04 21:00:01,249 modelwatch.publish INFO cache fresh; skipping S3 upload (TTL 24.0h not expired)
skipped (cache fresh)
2026-10-04 22:00:01,427 modelwatch.publish INFO cache fresh; skipping S3 upload (TTL 24.0h not expired)
skipped (cache fresh)
2026-10-04 23:00:01,598 modelwatch.publish INFO cache fresh; skipping S3 upload (TTL 24.0h not expired)
skipped (cache fresh)
2026-10-05 00:00:01,809 modelwatch.publish INFO cache fresh; skipping S3 upload (TTL 24.0h not expired)
skipped (cache fresh)
2026-10-08 10:00:02,039 modelwatch.publish INFO cache fresh; skipping S3 upload (TTL 24.0h not expired)
skipped (cache fresh)
